<html>
<body>
<pre>
<h1>µVision Build Log</h1>
<h2>Project:</h2>
C:\Users\thomasj12\Desktop\embedded-tutorials-master\serial\tm4c123gh6pm\yes\yes.uvproj
Project File Date:  01/24/2020

<h2>Output:</h2>
Build target 'Target 1'
compiling main.c...
main.c(48): warning:  #1-D: last line of file ends without a newline
  }
main.c: 1 warning, 0 errors
linking...
Program Size: Code=724 RO-data=636 RW-data=0 ZI-data=608  
".\yes.axf" - 0 Error(s), 1 Warning(s).
Load "C:\\Users\\thomasj12\\Desktop\\embedded-tutorials-master\\serial\\tm4c123gh6pm\\yes\\yes.axf" 
Connecting: Mode=JTAG, Speed=1000000Hz
Erase Done.
Programming Done.
Verify OK.
</pre>
</body>
</html>
y OK.
Load "C:\\Users\\thomasj12\\Desktop\\embedded-tutorials-master\\serial\\tm4c123gh6pm\\yes\\yes.axf" 
Connecting: Mode=JTAG, Speed=1000000Hz
Erase Done.
Programming Done.
Verify OK.
Load "C:\\Users\\thomasj12\\Desktop\\embedded-tutorials-master\\serial\\tm4c123gh6pm\\yes\\yes.axf" 
Connecting: Mode=JTAG, Speed=1000000Hz
Erase Done.
Programming Done.
Verify OK.
